// Jest Snapshot v1, https://goo.gl/fbAQLP

exports[`renders correctly 1`] = `
<HashRouter>
  <SidebarPushable
    as={[Function]}
  >
    <SideNavigationBar />
    <SidebarPusher>
      <MainContent
        sideBarReady={false}
      />
    </SidebarPusher>
  </SidebarPushable>
</HashRouter>
`;
